#
# There is insufficient memory for the Java Runtime Environment to continue.
# Native memory allocation (malloc) failed to allocate 65552 bytes for Chunk::new
# Possible reasons:
#   The system is out of physical RAM or swap space
#   The process is running with CompressedOops enabled, and the Java Heap may be blocking the growth of the native heap
# Possible solutions:
#   Reduce memory load on the system
#   Increase physical memory or swap space
#   Check if swap backing store is full
#   Decrease Java heap size (-Xmx/-Xms)
#   Decrease number of Java threads
#   Decrease Java thread stack sizes (-Xss)
#   Set larger code cache with -XX:ReservedCodeCacheSize=
#   JVM is running with Zero Based Compressed Oops mode in which the Java heap is
#     placed in the first 32GB address space. The Java Heap base address is the
#     maximum limit for the native heap growth. Please use -XX:HeapBaseMinAddress
#     to set the Java Heap base and to place the Java Heap above 32GB virtual address.
# This output file may be truncated or incomplete.
#
#  Out of Memory Error (arena.cpp:189), pid=32108, tid=32168
#
# JRE version: OpenJDK Runtime Environment Temurin-17+35 (17.0+35) (build 17+35)
# Java VM: OpenJDK 64-Bit Server VM Temurin-17+35 (17+35, mixed mode, tiered, compressed oops, compressed class ptrs, g1 gc, windows-amd64)
# No core dump will be written. Minidumps are not enabled by default on client versions of Windows
#

---------------  S U M M A R Y ------------

Command Line: -Dfile.encoding=UTF-8 -XX:+ShowCodeDetailsInExceptionMessages com.elastic.textsearch.TextsearchApplication

Host: AMD Ryzen 7 5700U with Radeon Graphics         , 16 cores, 9G,  Windows 10 , 64 bit Build 22621 (10.0.22621.5415)
Time: Tue Aug  5 18:26:11 2025 Eastern Daylight Time elapsed time: 34.834403 seconds (0d 0h 0m 34s)

---------------  T H R E A D  ---------------

Current thread (0x00000214a90402b0):  JavaThread "C2 CompilerThread0" daemon [_thread_in_native, id=32168, stack(0x00000075b2a00000,0x00000075b2b00000)]


Current CompileTask:
C2:  34834 4662   !   4       jdk.internal.loader.BuiltinClassLoader::findClassOnClassPathOrNull (64 bytes)

Stack: [0x00000075b2a00000,0x00000075b2b00000]
Native frames: (J=compiled Java code, j=interpreted, Vv=VM code, C=native code)
V  [jvm.dll+0x674afa]
V  [jvm.dll+0x82eb44]
V  [jvm.dll+0x8302ee]
V  [jvm.dll+0x830953]
V  [jvm.dll+0x245335]
V  [jvm.dll+0xab52b]
V  [jvm.dll+0xababc]
V  [jvm.dll+0xab63b]
V  [jvm.dll+0x6525cc]
V  [jvm.dll+0x56c23c]
V  [jvm.dll+0x56b877]
V  [jvm.dll+0x56ae7e]
V  [jvm.dll+0x56ae45]
V  [jvm.dll+0x56ae91]
V  [jvm.dll+0x56ae91]
V  [jvm.dll+0x56ae91]
V  [jvm.dll+0x56ae91]
V  [jvm.dll+0x57c888]
V  [jvm.dll+0x2203ed]
V  [jvm.dll+0x219cd9]
V  [jvm.dll+0x217505]
V  [jvm.dll+0x1a356d]
V  [jvm.dll+0x226ff8]
V  [jvm.dll+0x22513c]
V  [jvm.dll+0x7e47fb]
V  [jvm.dll+0x7dedba]
V  [jvm.dll+0x673925]
C  [ucrtbase.dll+0x29333]
C  [KERNEL32.DLL+0x1259d]
C  [ntdll.dll+0x5af78]


---------------  P R O C E S S  ---------------

Threads class SMR info:
_java_thread_list=0x00000214acf595f0, length=45, elements={
0x00000214a84625d0, 0x00000214a8463440, 0x00000214a9030290, 0x00000214a9030d50,
0x00000214a9033710, 0x00000214a903ce10, 0x00000214a90402b0, 0x00000214a904bc80,
0x00000214a905e180, 0x00000214a91b5830, 0x00000214a91b6ca0, 0x00000214ab6e0220,
0x00000214ab6e6b40, 0x00000214ab6be8b0, 0x00000214abda4030, 0x00000214aba50f50,
0x00000214acf55040, 0x00000214acf56380, 0x00000214acf56850, 0x00000214acf576c0,
0x00000214acf57b90, 0x00000214acf58060, 0x00000214acf55eb0, 0x00000214acf55510,
0x00000214acf58a00, 0x00000214acf58530, 0x00000214acf559e0, 0x00000214acf56d20,
0x00000214acf571f0, 0x00000214ad07b520, 0x00000214ad07b9f0, 0x00000214ad081f00,
0x00000214ad07dba0, 0x00000214ad081090, 0x00000214ad07bec0, 0x00000214ad081560,
0x00000214ad07c390, 0x00000214ad07c860, 0x00000214ad080bc0, 0x00000214ad07d6d0,
0x00000214ad07ea10, 0x00000214ad07cd30, 0x00000214ad07e070, 0x00000214ad0823d0,
0x00000214a91b2f00
}

Java Threads: ( => current thread )
  0x00000214a84625d0 JavaThread "Reference Handler" daemon [_thread_blocked, id=20084, stack(0x00000075b2400000,0x00000075b2500000)]
  0x00000214a8463440 JavaThread "Finalizer" daemon [_thread_blocked, id=12868, stack(0x00000075b2500000,0x00000075b2600000)]
  0x00000214a9030290 JavaThread "Signal Dispatcher" daemon [_thread_blocked, id=26692, stack(0x00000075b2600000,0x00000075b2700000)]
  0x00000214a9030d50 JavaThread "Attach Listener" daemon [_thread_blocked, id=30008, stack(0x00000075b2700000,0x00000075b2800000)]
  0x00000214a9033710 JavaThread "Service Thread" daemon [_thread_blocked, id=32980, stack(0x00000075b2800000,0x00000075b2900000)]
  0x00000214a903ce10 JavaThread "Monitor Deflation Thread" daemon [_thread_blocked, id=34796, stack(0x00000075b2900000,0x00000075b2a00000)]
=>0x00000214a90402b0 JavaThread "C2 CompilerThread0" daemon [_thread_in_native, id=32168, stack(0x00000075b2a00000,0x00000075b2b00000)]
  0x00000214a904bc80 JavaThread "C1 CompilerThread0" daemon [_thread_blocked, id=35864, stack(0x00000075b2b00000,0x00000075b2c00000)]
  0x00000214a905e180 JavaThread "Sweeper thread" daemon [_thread_blocked, id=31480, stack(0x00000075b2c00000,0x00000075b2d00000)]
  0x00000214a91b5830 JavaThread "Notification Thread" daemon [_thread_blocked, id=38124, stack(0x00000075b2f00000,0x00000075b3000000)]
  0x00000214a91b6ca0 JavaThread "Common-Cleaner" daemon [_thread_blocked, id=3920, stack(0x00000075b3100000,0x00000075b3200000)]
  0x00000214ab6e0220 JavaThread "Catalina-utility-1" [_thread_blocked, id=13964, stack(0x00000075b4300000,0x00000075b4400000)]
  0x00000214ab6e6b40 JavaThread "Catalina-utility-2" [_thread_blocked, id=34304, stack(0x00000075b4400000,0x00000075b4500000)]
  0x00000214ab6be8b0 JavaThread "container-0" [_thread_blocked, id=24920, stack(0x00000075b4500000,0x00000075b4600000)]
  0x00000214abda4030 JavaThread "elasticsearch-rest-client-0-thread-1" [_thread_in_native, id=5712, stack(0x00000075b4600000,0x00000075b4700000)]
  0x00000214aba50f50 JavaThread "elasticsearch-rest-client-0-thread-2" [_thread_in_native, id=14484, stack(0x00000075b4700000,0x00000075b4800000)]
  0x00000214acf55040 JavaThread "elasticsearch-rest-client-0-thread-3" [_thread_in_native, id=10720, stack(0x00000075b4800000,0x00000075b4900000)]
  0x00000214acf56380 JavaThread "elasticsearch-rest-client-0-thread-4" [_thread_in_native, id=33188, stack(0x00000075b4900000,0x00000075b4a00000)]
  0x00000214acf56850 JavaThread "elasticsearch-rest-client-0-thread-5" [_thread_in_native, id=32048, stack(0x00000075b4a00000,0x00000075b4b00000)]
  0x00000214acf576c0 JavaThread "elasticsearch-rest-client-0-thread-6" [_thread_in_native, id=6380, stack(0x00000075b4b00000,0x00000075b4c00000)]
  0x00000214acf57b90 JavaThread "elasticsearch-rest-client-0-thread-7" [_thread_in_native, id=34180, stack(0x00000075b4c00000,0x00000075b4d00000)]
  0x00000214acf58060 JavaThread "elasticsearch-rest-client-0-thread-8" [_thread_in_native, id=24112, stack(0x00000075b4d00000,0x00000075b4e00000)]
  0x00000214acf55eb0 JavaThread "elasticsearch-rest-client-0-thread-9" [_thread_in_native, id=39620, stack(0x00000075b4e00000,0x00000075b4f00000)]
  0x00000214acf55510 JavaThread "elasticsearch-rest-client-0-thread-10" [_thread_in_native, id=18992, stack(0x00000075b4f00000,0x00000075b5000000)]
  0x00000214acf58a00 JavaThread "elasticsearch-rest-client-0-thread-11" [_thread_in_native, id=8460, stack(0x00000075b5000000,0x00000075b5100000)]
  0x00000214acf58530 JavaThread "elasticsearch-rest-client-0-thread-12" [_thread_in_native, id=12804, stack(0x00000075b5100000,0x00000075b5200000)]
  0x00000214acf559e0 JavaThread "elasticsearch-rest-client-0-thread-13" [_thread_in_native, id=25288, stack(0x00000075b5200000,0x00000075b5300000)]
  0x00000214acf56d20 JavaThread "elasticsearch-rest-client-0-thread-14" [_thread_in_native, id=19768, stack(0x00000075b5300000,0x00000075b5400000)]
  0x00000214acf571f0 JavaThread "elasticsearch-rest-client-0-thread-15" [_thread_in_native, id=7504, stack(0x00000075b5400000,0x00000075b5500000)]
  0x00000214ad07b520 JavaThread "elasticsearch-rest-client-0-thread-16" [_thread_in_native, id=28996, stack(0x00000075b5500000,0x00000075b5600000)]
  0x00000214ad07b9f0 JavaThread "elasticsearch-rest-client-0-thread-17" [_thread_in_native, id=19120, stack(0x00000075b5600000,0x00000075b5700000)]
  0x00000214ad081f00 JavaThread "http-nio-8081-exec-1" daemon [_thread_blocked, id=5832, stack(0x00000075b5800000,0x00000075b5900000)]
  0x00000214ad07dba0 JavaThread "http-nio-8081-exec-2" daemon [_thread_in_vm, id=8724, stack(0x00000075b5900000,0x00000075b5a00000)]
  0x00000214ad081090 JavaThread "http-nio-8081-exec-3" daemon [_thread_blocked, id=2120, stack(0x00000075b5a00000,0x00000075b5b00000)]
  0x00000214ad07bec0 JavaThread "http-nio-8081-exec-4" daemon [_thread_blocked, id=34612, stack(0x00000075b5b00000,0x00000075b5c00000)]
  0x00000214ad081560 JavaThread "http-nio-8081-exec-5" daemon [_thread_blocked, id=6304, stack(0x00000075b5c00000,0x00000075b5d00000)]
  0x00000214ad07c390 JavaThread "http-nio-8081-exec-6" daemon [_thread_blocked, id=38312, stack(0x00000075b5d00000,0x00000075b5e00000)]
  0x00000214ad07c860 JavaThread "http-nio-8081-exec-7" daemon [_thread_blocked, id=13512, stack(0x00000075b5e00000,0x00000075b5f00000)]
  0x00000214ad080bc0 JavaThread "http-nio-8081-exec-8" daemon [_thread_blocked, id=29120, stack(0x00000075b5f00000,0x00000075b6000000)]
  0x00000214ad07d6d0 JavaThread "http-nio-8081-exec-9" daemon [_thread_blocked, id=13756, stack(0x00000075b6000000,0x00000075b6100000)]
  0x00000214ad07ea10 JavaThread "http-nio-8081-exec-10" daemon [_thread_blocked, id=16404, stack(0x00000075b6100000,0x00000075b6200000)]
  0x00000214ad07cd30 JavaThread "http-nio-8081-Poller" daemon [_thread_in_native, id=12476, stack(0x00000075b6200000,0x00000075b6300000)]
  0x00000214ad07e070 JavaThread "http-nio-8081-Acceptor" daemon [_thread_in_native, id=30072, stack(0x00000075b6300000,0x00000075b6400000)]
  0x00000214ad0823d0 JavaThread "DestroyJavaVM" [_thread_blocked, id=21280, stack(0x00000075b1d00000,0x00000075b1e00000)]
  0x00000214a91b2f00 JavaThread "C2 CompilerThread1" daemon [_thread_blocked, id=11088, stack(0x00000075b3200000,0x00000075b3300000)]

Other Threads:
  0x00000214a845e080 VMThread "VM Thread" [stack: 0x00000075b2300000,0x00000075b2400000] [id=17544]
  0x000002148c8780c0 WatcherThread [stack: 0x00000075b3000000,0x00000075b3100000] [id=17732]
  0x000002148c81db30 GCTaskThread "GC Thread#0" [stack: 0x00000075b1e00000,0x00000075b1f00000] [id=9668]
  0x00000214aa516dd0 GCTaskThread "GC Thread#1" [stack: 0x00000075b3300000,0x00000075b3400000] [id=37732]
  0x00000214aa517080 GCTaskThread "GC Thread#2" [stack: 0x00000075b3400000,0x00000075b3500000] [id=35632]
  0x00000214aa44a730 GCTaskThread "GC Thread#3" [stack: 0x00000075b3500000,0x00000075b3600000] [id=34048]
  0x00000214aa44a9e0 GCTaskThread "GC Thread#4" [stack: 0x00000075b3600000,0x00000075b3700000] [id=9284]
  0x00000214aa5bed10 GCTaskThread "GC Thread#5" [stack: 0x00000075b3a00000,0x00000075b3b00000] [id=11900]
  0x00000214aab71df0 GCTaskThread "GC Thread#6" [stack: 0x00000075b3b00000,0x00000075b3c00000] [id=33280]
  0x00000214aaf46c10 GCTaskThread "GC Thread#7" [stack: 0x00000075b3c00000,0x00000075b3d00000] [id=27116]
  0x00000214aa73bcb0 GCTaskThread "GC Thread#8" [stack: 0x00000075b3d00000,0x00000075b3e00000] [id=33172]
  0x00000214aa787b70 GCTaskThread "GC Thread#9" [stack: 0x00000075b3e00000,0x00000075b3f00000] [id=36936]
  0x00000214ab183cc0 GCTaskThread "GC Thread#10" [stack: 0x00000075b3f00000,0x00000075b4000000] [id=19244]
  0x00000214ab185240 GCTaskThread "GC Thread#11" [stack: 0x00000075b3800000,0x00000075b3900000] [id=10656]
  0x00000214ab184a30 GCTaskThread "GC Thread#12" [stack: 0x00000075b4200000,0x00000075b4300000] [id=15420]
  0x000002148c828800 ConcurrentGCThread "G1 Main Marker" [stack: 0x00000075b1f00000,0x00000075b2000000] [id=29720]
  0x000002148c829210 ConcurrentGCThread "G1 Conc#0" [stack: 0x00000075b2000000,0x00000075b2100000] [id=18800]
  0x00000214ab1857a0 ConcurrentGCThread "G1 Conc#1" [stack: 0x00000075b4000000,0x00000075b4100000] [id=13976]
  0x00000214ab184ce0 ConcurrentGCThread "G1 Conc#2" [stack: 0x00000075b4100000,0x00000075b4200000] [id=12252]
  0x000002148c89e920 ConcurrentGCThread "G1 Refine#0" [stack: 0x00000075b2100000,0x00000075b2200000] [id=932]
  0x00000214a82d34b0 ConcurrentGCThread "G1 Service" [stack: 0x00000075b2200000,0x00000075b2300000] [id=16528]

Threads with active compile tasks:
C2 CompilerThread0    34865 4662   !   4       jdk.internal.loader.BuiltinClassLoader::findClassOnClassPathOrNull (64 bytes)

VM state: not at safepoint (normal execution)

VM Mutex/Monitor currently owned by a thread: None

Heap address: 0x0000000762600000, size: 2522 MB, Compressed Oops mode: Zero based, Oop shift amount: 3

CDS archive(s) not mapped
Compressed class space mapped at: 0x0000000800000000-0x0000000840000000, reserved size: 1073741824
Narrow klass base: 0x0000000800000000, Narrow klass shift: 0, Narrow klass range: 0x40000000

GC Precious Log:
 CPUs: 16 total, 16 available
 Memory: 10085M
 Large Page Support: Disabled
 NUMA Support: Disabled
 Compressed Oops: Enabled (Zero based)
 Heap Region Size: 2M
 Heap Min Capacity: 8M
 Heap Initial Capacity: 158M
 Heap Max Capacity: 2522M
 Pre-touch: Disabled
 Parallel Workers: 13
 Concurrent Workers: 3
 Concurrent Refinement Workers: 13
 Periodic GC: Disabled

Heap:
 garbage-first heap   total 63488K, used 32743K [0x0000000762600000, 0x0000000800000000)
  region size 2048K, 9 young (18432K), 2 survivors (4096K)
 Metaspace       used 49723K, committed 50176K, reserved 1097728K
  class space    used 6034K, committed 6272K, reserved 1048576K

Heap Regions: E=young(eden), S=young(survivor), O=old, HS=humongous(starts), HC=humongous(continues), CS=collection set, F=free, OA=open archive, CA=closed archive, TAMS=top-at-mark-start (previous, next)
|   0|0x0000000762600000, 0x0000000762800000, 0x0000000762800000|100%|HS|  |TAMS 0x0000000762800000, 0x0000000762600000| Complete 
|   1|0x0000000762800000, 0x0000000762a00000, 0x0000000762a00000|100%| O|  |TAMS 0x0000000762a00000, 0x0000000762800000| Untracked 
|   2|0x0000000762a00000, 0x0000000762c00000, 0x0000000762c00000|100%| O|  |TAMS 0x0000000762c00000, 0x0000000762a00000| Untracked 
|   3|0x0000000762c00000, 0x0000000762e00000, 0x0000000762e00000|100%| O|  |TAMS 0x0000000762c00000, 0x0000000762c00000| Untracked 
|   4|0x0000000762e00000, 0x0000000763000000, 0x0000000763000000|100%| O|  |TAMS 0x0000000763000000, 0x0000000762e00000| Untracked 
|   5|0x0000000763000000, 0x0000000763200000, 0x0000000763200000|100%| O|  |TAMS 0x0000000763200000, 0x0000000763000000| Untracked 
|   6|0x0000000763200000, 0x0000000763400000, 0x0000000763400000|100%| O|  |TAMS 0x00000007633c4200, 0x0000000763200000| Untracked 
|   7|0x0000000763400000, 0x0000000763600000, 0x0000000763600000|100%| O|  |TAMS 0x0000000763400000, 0x0000000763400000| Untracked 
|   8|0x0000000763600000, 0x0000000763800000, 0x0000000763800000|100%| O|  |TAMS 0x0000000763600000, 0x0000000763600000| Untracked 
|   9|0x0000000763800000, 0x000000076391cc00, 0x0000000763a00000| 55%| O|  |TAMS 0x0000000763800000, 0x0000000763800000| Untracked 
|  10|0x0000000763a00000, 0x0000000763a00000, 0x0000000763c00000|  0%| F|  |TAMS 0x0000000763a00000, 0x0000000763a00000| Untracked 
|  11|0x0000000763c00000, 0x0000000763c00000, 0x0000000763e00000|  0%| F|  |TAMS 0x0000000763c00000, 0x0000000763c00000| Untracked 
|  12|0x0000000763e00000, 0x0000000763e00000, 0x0000000764000000|  0%| F|  |TAMS 0x0000000763e00000, 0x0000000763e00000| Untracked 
|  13|0x0000000764000000, 0x0000000764000000, 0x0000000764200000|  0%| F|  |TAMS 0x0000000764000000, 0x0000000764000000| Untracked 
|  14|0x0000000764200000, 0x0000000764200000, 0x0000000764400000|  0%| F|  |TAMS 0x0000000764200000, 0x0000000764200000| Untracked 
|  15|0x0000000764400000, 0x0000000764400000, 0x0000000764600000|  0%| F|  |TAMS 0x0000000764400000, 0x0000000764400000| Untracked 
|  16|0x0000000764600000, 0x00000007646dd060, 0x0000000764800000| 43%| S|CS|TAMS 0x0000000764600000, 0x0000000764600000| Complete 
|  17|0x0000000764800000, 0x0000000764a00000, 0x0000000764a00000|100%| S|CS|TAMS 0x0000000764800000, 0x0000000764800000| Complete 
|  18|0x0000000764a00000, 0x0000000764a00000, 0x0000000764c00000|  0%| F|  |TAMS 0x0000000764a00000, 0x0000000764a00000| Untracked 
|  19|0x0000000764c00000, 0x0000000764c00000, 0x0000000764e00000|  0%| F|  |TAMS 0x0000000764c00000, 0x0000000764c00000| Untracked 
|  20|0x0000000764e00000, 0x0000000764e00000, 0x0000000765000000|  0%| F|  |TAMS 0x0000000764e00000, 0x0000000764e00000| Untracked 
|  21|0x0000000765000000, 0x0000000765000000, 0x0000000765200000|  0%| F|  |TAMS 0x0000000765000000, 0x0000000765000000| Untracked 
|  22|0x0000000765200000, 0x0000000765200000, 0x0000000765400000|  0%| F|  |TAMS 0x0000000765200000, 0x0000000765200000| Untracked 
|  23|0x0000000765400000, 0x0000000765400000, 0x0000000765600000|  0%| F|  |TAMS 0x0000000765400000, 0x0000000765400000| Untracked 
|  24|0x0000000765600000, 0x00000007657bd900, 0x0000000765800000| 87%| E|  |TAMS 0x0000000765600000, 0x0000000765600000| Complete 
|  25|0x0000000765800000, 0x0000000765a00000, 0x0000000765a00000|100%| E|  |TAMS 0x0000000765800000, 0x0000000765800000| Complete 
|  26|0x0000000765a00000, 0x0000000765c00000, 0x0000000765c00000|100%| E|CS|TAMS 0x0000000765a00000, 0x0000000765a00000| Complete 
|  27|0x0000000765c00000, 0x0000000765e00000, 0x0000000765e00000|100%| E|CS|TAMS 0x0000000765c00000, 0x0000000765c00000| Complete 
|  74|0x000000076ba00000, 0x000000076bc00000, 0x000000076bc00000|100%| E|CS|TAMS 0x000000076ba00000, 0x000000076ba00000| Complete 
|  75|0x000000076bc00000, 0x000000076be00000, 0x000000076be00000|100%| E|CS|TAMS 0x000000076bc00000, 0x000000076bc00000| Complete 
|  78|0x000000076c200000, 0x000000076c400000, 0x000000076c400000|100%| E|CS|TAMS 0x000000076c200000, 0x000000076c200000| Complete 

Card table byte_map: [0x000002149fc00000,0x00000214a00f0000] _byte_map_base: 0x000002149c0ed000

Marking Bits (Prev, Next): (CMBitMap*) 0x000002148c81e140, (CMBitMap*) 0x000002148c81e180
 Prev Bits: [0x00000214a05e0000, 0x00000214a2d48000)
 Next Bits: [0x00000214a2d50000, 0x00000214a54b8000)

Polling page: 0x000002148bfa0000

Metaspace:

Usage:
  Non-class:     42.67 MB used.
      Class:      5.89 MB used.
       Both:     48.57 MB used.

Virtual space:
  Non-class space:       48.00 MB reserved,      42.88 MB ( 89%) committed,  6 nodes.
      Class space:        1.00 GB reserved,       6.12 MB ( <1%) committed,  1 nodes.
             Both:        1.05 GB reserved,      49.00 MB (  5%) committed. 

Chunk freelists:
   Non-Class:  704.00 KB
       Class:  1.80 MB
        Both:  2.48 MB

MaxMetaspaceSize: unlimited
CompressedClassSpaceSize: 1.00 GB
Initial GC threshold: 21.00 MB
Current GC threshold: 58.75 MB
CDS: off
MetaspaceReclaimPolicy: balanced
 - commit_granule_bytes: 65536.
 - commit_granule_words: 8192.
 - virtual_space_node_default_size: 1048576.
 - enlarge_chunks_in_place: 1.
 - new_chunks_are_fully_committed: 0.
 - uncommit_free_chunks: 1.
 - use_allocation_guard: 0.
 - handle_deallocations: 1.


Internal statistics:

num_allocs_failed_limit: 8.
num_arena_births: 626.
num_arena_deaths: 0.
num_vsnodes_births: 7.
num_vsnodes_deaths: 0.
num_space_committed: 784.
num_space_uncommitted: 0.
num_chunks_returned_to_freelist: 8.
num_chunks_taken_from_freelist: 2085.
num_chunk_merges: 5.
num_chunk_splits: 1424.
num_chunks_enlarged: 1063.
num_purges: 0.
num_inconsistent_stats: 0.

CodeHeap 'non-profiled nmethods': size=119168Kb used=2562Kb max_used=2562Kb free=116605Kb
 bounds [0x0000021497a10000, 0x0000021497ca0000, 0x000002149ee70000]
CodeHeap 'profiled nmethods': size=119104Kb used=10150Kb max_used=10150Kb free=108953Kb
 bounds [0x00000214905c0000, 0x0000021490fb0000, 0x0000021497a10000]
CodeHeap 'non-nmethods': size=7488Kb used=1254Kb max_used=2982Kb free=6233Kb
 bounds [0x000002148fe70000, 0x0000021490160000, 0x00000214905c0000]
 total_blobs=5232 nmethods=4669 adapters=475
 compilation: enabled
              stopped_count=0, restarted_count=0
 full_count=0

Compilation events (20 events):
Event: 34.737 Thread 0x00000214a91b2f00 4659       4       java.util.ArrayDeque::poll (5 bytes)
Event: 34.738 Thread 0x00000214a91b2f00 nmethod 4659 0x0000021497c89790 code [0x0000021497c89900, 0x0000021497c89a18]
Event: 34.742 Thread 0x00000214a90402b0 4660       4       java.lang.StringLatin1::regionMatchesCI (98 bytes)
Event: 34.745 Thread 0x00000214a91b2f00 4661       4       java.lang.Class::descriptorString (170 bytes)
Event: 34.748 Thread 0x00000214a90402b0 nmethod 4660 0x0000021497c89b10 code [0x0000021497c89cc0, 0x0000021497c8a338]
Event: 34.759 Thread 0x00000214a90402b0 4662   !   4       jdk.internal.loader.BuiltinClassLoader::findClassOnClassPathOrNull (64 bytes)
Event: 34.769 Thread 0x00000214a904bc80 4664       1       org.apache.http.message.ParserCursor::getPos (5 bytes)
Event: 34.769 Thread 0x00000214a904bc80 nmethod 4664 0x0000021497c8aa10 code [0x0000021497c8aba0, 0x0000021497c8ac78]
Event: 34.769 Thread 0x00000214a904bc80 4666       3       java.nio.HeapByteBuffer::put (16 bytes)
Event: 34.769 Thread 0x00000214a904bc80 nmethod 4666 0x0000021490fa3810 code [0x0000021490fa39e0, 0x0000021490fa3d28]
Event: 34.769 Thread 0x00000214a904bc80 4667       3       java.nio.Buffer::nextPutIndex (30 bytes)
Event: 34.770 Thread 0x00000214a904bc80 nmethod 4667 0x0000021490fa3f10 code [0x0000021490fa40c0, 0x0000021490fa42e8]
Event: 34.770 Thread 0x00000214a904bc80 4668       3       org.apache.http.util.CharArrayBuffer::append (37 bytes)
Event: 34.770 Thread 0x00000214a904bc80 nmethod 4668 0x0000021490fa4410 code [0x0000021490fa45c0, 0x0000021490fa47a8]
Event: 34.770 Thread 0x00000214a904bc80 4669       1       org.apache.http.message.BasicHeader::getName (5 bytes)
Event: 34.770 Thread 0x00000214a904bc80 nmethod 4669 0x0000021497c8ad10 code [0x0000021497c8aea0, 0x0000021497c8af78]
Event: 34.788 Thread 0x00000214a904bc80 4670       3       java.nio.Buffer::remaining (20 bytes)
Event: 34.789 Thread 0x00000214a904bc80 nmethod 4670 0x0000021490fa4910 code [0x0000021490fa4aa0, 0x0000021490fa4c38]
Event: 34.789 Thread 0x00000214a904bc80 4671       3       java.nio.HeapByteBuffer::get (15 bytes)
Event: 34.789 Thread 0x00000214a904bc80 nmethod 4671 0x0000021490fa4d10 code [0x0000021490fa4ec0, 0x0000021490fa50b8]

GC Heap History (20 events):
Event: 0.681 GC heap before
{Heap before GC invocations=0 (full 0):
 garbage-first heap   total 161792K, used 22528K [0x0000000762600000, 0x0000000800000000)
  region size 2048K, 11 young (22528K), 0 survivors (0K)
 Metaspace       used 12380K, committed 12608K, reserved 1064960K
  class space    used 1208K, committed 1344K, reserved 1048576K
}
Event: 0.685 GC heap after
{Heap after GC invocations=1 (full 0):
 garbage-first heap   total 161792K, used 6629K [0x0000000762600000, 0x0000000800000000)
  region size 2048K, 2 young (4096K), 2 survivors (4096K)
 Metaspace       used 12380K, committed 12608K, reserved 1064960K
  class space    used 1208K, committed 1344K, reserved 1048576K
}
Event: 1.253 GC heap before
{Heap before GC invocations=1 (full 0):
 garbage-first heap   total 161792K, used 33253K [0x0000000762600000, 0x0000000800000000)
  region size 2048K, 15 young (30720K), 2 survivors (4096K)
 Metaspace       used 19931K, committed 20288K, reserved 1073152K
  class space    used 2150K, committed 2304K, reserved 1048576K
}
Event: 1.260 GC heap after
{Heap after GC invocations=2 (full 0):
 garbage-first heap   total 161792K, used 9160K [0x0000000762600000, 0x0000000800000000)
  region size 2048K, 2 young (4096K), 2 survivors (4096K)
 Metaspace       used 19931K, committed 20288K, reserved 1073152K
  class space    used 2150K, committed 2304K, reserved 1048576K
}
Event: 1.328 GC heap before
{Heap before GC invocations=2 (full 0):
 garbage-first heap   total 161792K, used 13256K [0x0000000762600000, 0x0000000800000000)
  region size 2048K, 5 young (10240K), 2 survivors (4096K)
 Metaspace       used 21186K, committed 21504K, reserved 1073152K
  class space    used 2289K, committed 2432K, reserved 1048576K
}
Event: 1.331 GC heap after
{Heap after GC invocations=3 (full 0):
 garbage-first heap   total 161792K, used 9524K [0x0000000762600000, 0x0000000800000000)
  region size 2048K, 2 young (4096K), 2 survivors (4096K)
 Metaspace       used 21186K, committed 21504K, reserved 1073152K
  class space    used 2289K, committed 2432K, reserved 1048576K
}
Event: 1.696 GC heap before
{Heap before GC invocations=4 (full 0):
 garbage-first heap   total 49152K, used 34100K [0x0000000762600000, 0x0000000800000000)
  region size 2048K, 14 young (28672K), 2 survivors (4096K)
 Metaspace       used 26284K, committed 26624K, reserved 1073152K
  class space    used 2991K, committed 3136K, reserved 1048576K
}
Event: 1.703 GC heap after
{Heap after GC invocations=5 (full 0):
 garbage-first heap   total 49152K, used 11711K [0x0000000762600000, 0x0000000800000000)
  region size 2048K, 2 young (4096K), 2 survivors (4096K)
 Metaspace       used 26284K, committed 26624K, reserved 1073152K
  class space    used 2991K, committed 3136K, reserved 1048576K
}
Event: 1.773 GC heap before
{Heap before GC invocations=5 (full 0):
 garbage-first heap   total 49152K, used 13759K [0x0000000762600000, 0x0000000800000000)
  region size 2048K, 3 young (6144K), 2 survivors (4096K)
 Metaspace       used 26495K, committed 26880K, reserved 1073152K
  class space    used 3014K, committed 3200K, reserved 1048576K
}
Event: 1.779 GC heap after
{Heap after GC invocations=6 (full 0):
 garbage-first heap   total 49152K, used 12195K [0x0000000762600000, 0x0000000800000000)
  region size 2048K, 1 young (2048K), 1 survivors (2048K)
 Metaspace       used 26495K, committed 26880K, reserved 1073152K
  class space    used 3014K, committed 3200K, reserved 1048576K
}
Event: 2.242 GC heap before
{Heap before GC invocations=6 (full 0):
 garbage-first heap   total 49152K, used 30627K [0x0000000762600000, 0x0000000800000000)
  region size 2048K, 10 young (20480K), 1 survivors (2048K)
 Metaspace       used 28904K, committed 29312K, reserved 1081344K
  class space    used 3295K, committed 3520K, reserved 1048576K
}
Event: 2.247 GC heap after
{Heap after GC invocations=7 (full 0):
 garbage-first heap   total 63488K, used 13346K [0x0000000762600000, 0x0000000800000000)
  region size 2048K, 1 young (2048K), 1 survivors (2048K)
 Metaspace       used 28904K, committed 29312K, reserved 1081344K
  class space    used 3295K, committed 3520K, reserved 1048576K
}
Event: 3.092 GC heap before
{Heap before GC invocations=7 (full 0):
 garbage-first heap   total 63488K, used 42018K [0x0000000762600000, 0x0000000800000000)
  region size 2048K, 16 young (32768K), 1 survivors (2048K)
 Metaspace       used 35425K, committed 35840K, reserved 1081344K
  class space    used 4170K, committed 4352K, reserved 1048576K
}
Event: 3.099 GC heap after
{Heap after GC invocations=8 (full 0):
 garbage-first heap   total 63488K, used 16144K [0x0000000762600000, 0x0000000800000000)
  region size 2048K, 2 young (4096K), 2 survivors (4096K)
 Metaspace       used 35425K, committed 35840K, reserved 1081344K
  class space    used 4170K, committed 4352K, reserved 1048576K
}
Event: 3.124 GC heap before
{Heap before GC invocations=8 (full 0):
 garbage-first heap   total 63488K, used 16144K [0x0000000762600000, 0x0000000800000000)
  region size 2048K, 3 young (6144K), 2 survivors (4096K)
 Metaspace       used 35613K, committed 35968K, reserved 1081344K
  class space    used 4199K, committed 4352K, reserved 1048576K
}
Event: 3.127 GC heap after
{Heap after GC invocations=9 (full 0):
 garbage-first heap   total 63488K, used 16834K [0x0000000762600000, 0x0000000800000000)
  region size 2048K, 1 young (2048K), 1 survivors (2048K)
 Metaspace       used 35613K, committed 35968K, reserved 1081344K
  class space    used 4199K, committed 4352K, reserved 1048576K
}
Event: 3.773 GC heap before
{Heap before GC invocations=10 (full 0):
 garbage-first heap   total 63488K, used 45506K [0x0000000762600000, 0x0000000800000000)
  region size 2048K, 15 young (30720K), 1 survivors (2048K)
 Metaspace       used 41487K, committed 41920K, reserved 1089536K
  class space    used 4925K, committed 5120K, reserved 1048576K
}
Event: 3.776 GC heap after
{Heap after GC invocations=11 (full 0):
 garbage-first heap   total 63488K, used 19662K [0x0000000762600000, 0x0000000800000000)
  region size 2048K, 2 young (4096K), 2 survivors (4096K)
 Metaspace       used 41487K, committed 41920K, reserved 1089536K
  class space    used 4925K, committed 5120K, reserved 1048576K
}
Event: 4.403 GC heap before
{Heap before GC invocations=11 (full 0):
 garbage-first heap   total 63488K, used 46286K [0x0000000762600000, 0x0000000800000000)
  region size 2048K, 15 young (30720K), 2 survivors (4096K)
 Metaspace       used 46648K, committed 47104K, reserved 1097728K
  class space    used 5620K, committed 5824K, reserved 1048576K
}
Event: 4.407 GC heap after
{Heap after GC invocations=12 (full 0):
 garbage-first heap   total 63488K, used 22503K [0x0000000762600000, 0x0000000800000000)
  region size 2048K, 2 young (4096K), 2 survivors (4096K)
 Metaspace       used 46648K, committed 47104K, reserved 1097728K
  class space    used 5620K, committed 5824K, reserved 1048576K
}

Deoptimization events (20 events):
Event: 34.682 Thread 0x00000214ad07dba0 Uncommon trap: trap_request=0xffffffbe fr.pc=0x0000021497c78230 relative=0x00000000000006f0
Event: 34.682 Thread 0x00000214ad07dba0 Uncommon trap: reason=profile_predicate action=maybe_recompile pc=0x0000021497c78230 method=java.lang.PublicMethods$MethodList.filter([Ljava/lang/reflect/Method;Ljava/lang/String;[Ljava/lang/Class;Z)Ljava/lang/PublicMethods$MethodList; @ 21 c2
Event: 34.682 Thread 0x00000214ad07dba0 DEOPT PACKING pc=0x0000021497c78230 sp=0x00000075b59fccd0
Event: 34.682 Thread 0x00000214ad07dba0 DEOPT UNPACKING pc=0x000002148fec23a3 sp=0x00000075b59fcc88 mode 2
Event: 34.699 Thread 0x00000214ad07dba0 Uncommon trap: trap_request=0xffffffbe fr.pc=0x0000021497c78230 relative=0x00000000000006f0
Event: 34.699 Thread 0x00000214ad07dba0 Uncommon trap: reason=profile_predicate action=maybe_recompile pc=0x0000021497c78230 method=java.lang.PublicMethods$MethodList.filter([Ljava/lang/reflect/Method;Ljava/lang/String;[Ljava/lang/Class;Z)Ljava/lang/PublicMethods$MethodList; @ 21 c2
Event: 34.699 Thread 0x00000214ad07dba0 DEOPT PACKING pc=0x0000021497c78230 sp=0x00000075b59fb4b0
Event: 34.699 Thread 0x00000214ad07dba0 DEOPT UNPACKING pc=0x000002148fec23a3 sp=0x00000075b59fb468 mode 2
Event: 34.715 Thread 0x00000214ad07dba0 Uncommon trap: trap_request=0xffffffbe fr.pc=0x0000021497c78230 relative=0x00000000000006f0
Event: 34.715 Thread 0x00000214ad07dba0 Uncommon trap: reason=profile_predicate action=maybe_recompile pc=0x0000021497c78230 method=java.lang.PublicMethods$MethodList.filter([Ljava/lang/reflect/Method;Ljava/lang/String;[Ljava/lang/Class;Z)Ljava/lang/PublicMethods$MethodList; @ 21 c2
Event: 34.715 Thread 0x00000214ad07dba0 DEOPT PACKING pc=0x0000021497c78230 sp=0x00000075b59f8f50
Event: 34.715 Thread 0x00000214ad07dba0 DEOPT UNPACKING pc=0x000002148fec23a3 sp=0x00000075b59f8f08 mode 2
Event: 34.762 Thread 0x00000214ad07dba0 Uncommon trap: trap_request=0xffffff45 fr.pc=0x0000021497bf9ee0 relative=0x00000000000002c0
Event: 34.762 Thread 0x00000214ad07dba0 Uncommon trap: reason=unstable_if action=reinterpret pc=0x0000021497bf9ee0 method=java.lang.Integer.getChars(II[B)I @ 4 c2
Event: 34.762 Thread 0x00000214ad07dba0 DEOPT PACKING pc=0x0000021497bf9ee0 sp=0x00000075b59fa560
Event: 34.762 Thread 0x00000214ad07dba0 DEOPT UNPACKING pc=0x000002148fec23a3 sp=0x00000075b59fa4f0 mode 2
Event: 34.799 Thread 0x00000214ad07dba0 Uncommon trap: trap_request=0xffffffbe fr.pc=0x0000021497c78230 relative=0x00000000000006f0
Event: 34.800 Thread 0x00000214ad07dba0 Uncommon trap: reason=profile_predicate action=maybe_recompile pc=0x0000021497c78230 method=java.lang.PublicMethods$MethodList.filter([Ljava/lang/reflect/Method;Ljava/lang/String;[Ljava/lang/Class;Z)Ljava/lang/PublicMethods$MethodList; @ 21 c2
Event: 34.800 Thread 0x00000214ad07dba0 DEOPT PACKING pc=0x0000021497c78230 sp=0x00000075b59fa7d0
Event: 34.800 Thread 0x00000214ad07dba0 DEOPT UNPACKING pc=0x000002148fec23a3 sp=0x00000075b59fa788 mode 2

Classes unloaded (0 events):
No events

Classes redefined (0 events):
No events

Internal exceptions (20 events):
Event: 3.228 Thread 0x000002148c7dd280 Exception <a 'java/lang/NoSuchMethodError'{0x000000076bac8f58}: 'java.lang.Object java.lang.invoke.DirectMethodHandle$Holder.invokeVirtual(java.lang.Object, java.lang.Object, int)'> (0x000000076bac8f58) 
thrown [e:\jenkins\tmp\workspace\build\src\src\hotspot\share\interpreter\linkResolver.cpp, line 766]
Event: 3.244 Thread 0x000002148c7dd280 Exception <a 'sun/nio/fs/WindowsException'{0x000000076bb176b8}> (0x000000076bb176b8) 
thrown [e:\jenkins\tmp\workspace\build\src\src\hotspot\share\prims\jni.cpp, line 516]
Event: 3.257 Thread 0x000002148c7dd280 Exception <a 'java/lang/NoSuchMethodError'{0x000000076bb389f8}: 'int java.lang.invoke.DirectMethodHandle$Holder.invokeStaticInit(java.lang.Object, java.lang.Object, java.lang.Object, java.lang.Object)'> (0x000000076bb389f8) 
thrown [e:\jenkins\tmp\workspace\build\src\src\hotspot\share\interpreter\linkResolver.cpp, line 766]
Event: 3.710 Thread 0x000002148c7dd280 Exception <a 'java/lang/IncompatibleClassChangeError'{0x00000007648f32a8}: Found class java.lang.Object, but interface was expected> (0x00000007648f32a8) 
thrown [e:\jenkins\tmp\workspace\build\src\src\hotspot\share\interpreter\linkResolver.cpp, line 833]
Event: 3.731 Thread 0x000002148c7dd280 Exception <a 'java/lang/IncompatibleClassChangeError'{0x00000007649f3e00}: Found class java.lang.Object, but interface was expected> (0x00000007649f3e00) 
thrown [e:\jenkins\tmp\workspace\build\src\src\hotspot\share\interpreter\linkResolver.cpp, line 833]
Event: 3.738 Thread 0x000002148c7dd280 Exception <a 'sun/nio/fs/WindowsException'{0x000000076465f568}> (0x000000076465f568) 
thrown [e:\jenkins\tmp\workspace\build\src\src\hotspot\share\prims\jni.cpp, line 516]
Event: 3.762 Thread 0x000002148c7dd280 Exception <a 'java/lang/IncompatibleClassChangeError'{0x0000000764786ad0}: Found class java.lang.Object, but interface was expected> (0x0000000764786ad0) 
thrown [e:\jenkins\tmp\workspace\build\src\src\hotspot\share\interpreter\linkResolver.cpp, line 833]
Event: 3.951 Thread 0x000002148c7dd280 Exception <a 'java/lang/IncompatibleClassChangeError'{0x0000000765834218}: Found class java.lang.Object, but interface was expected> (0x0000000765834218) 
thrown [e:\jenkins\tmp\workspace\build\src\src\hotspot\share\interpreter\linkResolver.cpp, line 833]
Event: 3.985 Thread 0x000002148c7dd280 Exception <a 'java/lang/NoSuchMethodError'{0x0000000765606ce0}: 'int java.lang.invoke.DirectMethodHandle$Holder.invokeStatic(java.lang.Object, java.lang.Object, int)'> (0x0000000765606ce0) 
thrown [e:\jenkins\tmp\workspace\build\src\src\hotspot\share\interpreter\linkResolver.cpp, line 766]
Event: 3.988 Thread 0x000002148c7dd280 Exception <a 'java/lang/NoSuchMethodError'{0x00000007656205e8}: 'java.lang.Object java.lang.invoke.DirectMethodHandle$Holder.invokeStatic(java.lang.Object, java.lang.Object, int, java.lang.Object)'> (0x00000007656205e8) 
thrown [e:\jenkins\tmp\workspace\build\src\src\hotspot\share\interpreter\linkResolver.cpp, line 766]
Event: 3.988 Thread 0x000002148c7dd280 Exception <a 'java/lang/NoSuchMethodError'{0x0000000765627a60}: 'java.lang.Object java.lang.invoke.DirectMethodHandle$Holder.newInvokeSpecial(java.lang.Object, java.lang.Object, int)'> (0x0000000765627a60) 
thrown [e:\jenkins\tmp\workspace\build\src\src\hotspot\share\interpreter\linkResolver.cpp, line 766]
Event: 4.180 Thread 0x000002148c7dd280 Exception <a 'java/lang/NoSuchMethodError'{0x00000007650d6af0}: 'java.lang.Object java.lang.invoke.DirectMethodHandle$Holder.invokeSpecial(java.lang.Object, java.lang.Object, int, java.lang.Object, java.lang.Object)'> (0x00000007650d6af0) 
thrown [e:\jenkins\tmp\workspace\build\src\src\hotspot\share\interpreter\linkResolver.cpp, line 766]
Event: 4.180 Thread 0x000002148c7dd280 Exception <a 'java/lang/NoSuchMethodError'{0x00000007650daa40}: 'java.lang.Object java.lang.invoke.DelegatingMethodHandle$Holder.delegate(java.lang.Object, int, java.lang.Object, java.lang.Object)'> (0x00000007650daa40) 
thrown [e:\jenkins\tmp\workspace\build\src\src\hotspot\share\interpreter\linkResolver.cpp, line 766]
Event: 4.183 Thread 0x000002148c7dd280 Exception <a 'java/lang/NoSuchMethodError'{0x00000007650ebe98}: 'int java.lang.invoke.Invokers$Holder.linkToTargetMethod(java.lang.Object, java.lang.Object, java.lang.Object)'> (0x00000007650ebe98) 
thrown [e:\jenkins\tmp\workspace\build\src\src\hotspot\share\interpreter\linkResolver.cpp, line 766]
Event: 4.204 Thread 0x000002148c7dd280 Exception <a 'sun/nio/fs/WindowsException'{0x0000000765158fe8}> (0x0000000765158fe8) 
thrown [e:\jenkins\tmp\workspace\build\src\src\hotspot\share\prims\jni.cpp, line 516]
Event: 4.254 Thread 0x000002148c7dd280 Exception <a 'java/lang/IncompatibleClassChangeError'{0x0000000764f26a38}: Found class java.lang.Object, but interface was expected> (0x0000000764f26a38) 
thrown [e:\jenkins\tmp\workspace\build\src\src\hotspot\share\interpreter\linkResolver.cpp, line 833]
Event: 4.493 Thread 0x000002148c7dd280 Exception <a 'java/lang/NoSuchMethodError'{0x000000076bc22dc8}: 'java.lang.Object java.lang.invoke.DirectMethodHandle$Holder.newInvokeSpecial(java.lang.Object, java.lang.Object, int, java.lang.Object, java.lang.Object)'> (0x000000076bc22dc8) 
thrown [e:\jenkins\tmp\workspace\build\src\src\hotspot\share\interpreter\linkResolver.cpp, line 766]
Event: 34.531 Thread 0x00000214ad07e070 Exception <a 'java/lang/NoSuchMethodError'{0x000000076bb0c148}: 'java.lang.Object java.lang.invoke.DirectMethodHandle$Holder.invokeStaticInit(java.lang.Object, java.lang.Object, java.lang.Object, int, int)'> (0x000000076bb0c148) 
thrown [e:\jenkins\tmp\workspace\build\src\src\hotspot\share\interpreter\linkResolver.cpp, line 766]
Event: 34.577 Thread 0x00000214ad07dba0 Exception <a 'java/lang/NoSuchMethodError'{0x0000000765c5a6c0}: 'java.lang.Object java.lang.invoke.DirectMethodHandle$Holder.invokeSpecial(java.lang.Object, java.lang.Object, java.lang.Object, java.lang.Object, java.lang.Object, long)'> (0x0000000765c5a6c0) 
thrown [e:\jenkins\tmp\workspace\build\src\src\hotspot\share\interpreter\linkResolver.cpp, line 766]
Event: 34.578 Thread 0x00000214ad07dba0 Exception <a 'java/lang/NoSuchMethodError'{0x0000000765c5e340}: 'java.lang.Object java.lang.invoke.Invokers$Holder.linkToTargetMethod(java.lang.Object, java.lang.Object, java.lang.Object, long, java.lang.Object)'> (0x0000000765c5e340) 
thrown [e:\jenkins\tmp\workspace\build\src\src\hotspot\share\interpreter\linkResolver.cpp, line 766]

VM Operations (20 events):
Event: 4.264 Executing VM operation: HandshakeAllThreads
Event: 4.264 Executing VM operation: HandshakeAllThreads done
Event: 4.328 Executing VM operation: HandshakeAllThreads
Event: 4.328 Executing VM operation: HandshakeAllThreads done
Event: 4.380 Executing VM operation: ICBufferFull
Event: 4.380 Executing VM operation: ICBufferFull done
Event: 4.403 Executing VM operation: G1CollectForAllocation
Event: 4.408 Executing VM operation: G1CollectForAllocation done
Event: 5.415 Executing VM operation: Cleanup
Event: 5.416 Executing VM operation: Cleanup done
Event: 24.607 Executing VM operation: Cleanup
Event: 24.607 Executing VM operation: Cleanup done
Event: 34.602 Executing VM operation: HandshakeAllThreads
Event: 34.602 Executing VM operation: HandshakeAllThreads done
Event: 34.602 Executing VM operation: Cleanup
Event: 34.602 Executing VM operation: Cleanup done
Event: 34.685 Executing VM operation: HandshakeAllThreads
Event: 34.685 Executing VM operation: HandshakeAllThreads done
Event: 34.805 Executing VM operation: HandshakeAllThreads
Event: 34.805 Executing VM operation: HandshakeAllThreads done

Events (20 events):
Event: 17.718 Thread 0x00000214a91a49a0 Thread exited: 0x00000214a91a49a0
Event: 34.528 loading class java/nio/channels/ReadPendingException
Event: 34.528 loading class java/nio/channels/ReadPendingException done
Event: 34.528 loading class java/nio/channels/WritePendingException
Event: 34.528 loading class java/nio/channels/WritePendingException done
Event: 34.533 loading class java/util/concurrent/LinkedBlockingDeque
Event: 34.534 loading class java/util/concurrent/BlockingDeque
Event: 34.534 loading class java/util/concurrent/BlockingDeque done
Event: 34.534 loading class java/util/concurrent/LinkedBlockingDeque done
Event: 34.535 loading class java/util/concurrent/Semaphore
Event: 34.535 loading class java/util/concurrent/Semaphore done
Event: 34.535 loading class java/util/concurrent/Semaphore$NonfairSync
Event: 34.536 loading class java/util/concurrent/Semaphore$Sync
Event: 34.536 loading class java/util/concurrent/Semaphore$Sync done
Event: 34.536 loading class java/util/concurrent/Semaphore$NonfairSync done
Event: 34.675 Thread 0x00000214a91b2f00 Thread added: 0x00000214a91b2f00
Event: 34.733 loading class java/util/Base64
Event: 34.733 loading class java/util/Base64 done
Event: 34.733 loading class java/util/Base64$Encoder
Event: 34.733 loading class java/util/Base64$Encoder done


Dynamic libraries:
0x00007ff6a3030000 - 0x00007ff6a303e000 	C:\Users\muzza\.p2\pool\plugins\org.eclipse.justj.openjdk.hotspot.jre.full.win32.x86_64_17.0.0.v20211012-1059\jre\bin\javaw.exe
0x00007ffcd82b0000 - 0x00007ffcd84c7000 	C:\WINDOWS\SYSTEM32\ntdll.dll
0x00007ffcd75b0000 - 0x00007ffcd7674000 	C:\WINDOWS\System32\KERNEL32.DLL
0x00007ffcd55e0000 - 0x00007ffcd59b2000 	C:\WINDOWS\System32\KERNELBASE.dll
0x00007ffcd5420000 - 0x00007ffcd5531000 	C:\WINDOWS\System32\ucrtbase.dll
0x00007ffcccb50000 - 0x00007ffcccb69000 	C:\Users\muzza\.p2\pool\plugins\org.eclipse.justj.openjdk.hotspot.jre.full.win32.x86_64_17.0.0.v20211012-1059\jre\bin\VCRUNTIME140.dll
0x00007ffcb0bb0000 - 0x00007ffcb0bc8000 	C:\Users\muzza\.p2\pool\plugins\org.eclipse.justj.openjdk.hotspot.jre.full.win32.x86_64_17.0.0.v20211012-1059\jre\bin\jli.dll
0x00007ffcd7170000 - 0x00007ffcd7321000 	C:\WINDOWS\System32\USER32.dll
0x00007ffcd5d20000 - 0x00007ffcd5d46000 	C:\WINDOWS\System32\win32u.dll
0x00007ffcc3a80000 - 0x00007ffcc3d1b000 	C:\WINDOWS\WinSxS\amd64_microsoft.windows.common-controls_6595b64144ccf1df_6.0.22621.5547_none_27104afb73855772\COMCTL32.dll
0x00007ffcd7930000 - 0x00007ffcd7959000 	C:\WINDOWS\System32\GDI32.dll
0x00007ffcd7440000 - 0x00007ffcd74e7000 	C:\WINDOWS\System32\msvcrt.dll
0x00007ffcd5d50000 - 0x00007ffcd5e73000 	C:\WINDOWS\System32\gdi32full.dll
0x00007ffcd5540000 - 0x00007ffcd55da000 	C:\WINDOWS\System32\msvcp_win.dll
0x00007ffcd6640000 - 0x00007ffcd6671000 	C:\WINDOWS\System32\IMM32.DLL
0x00007ffcce550000 - 0x00007ffcce55c000 	C:\Users\muzza\.p2\pool\plugins\org.eclipse.justj.openjdk.hotspot.jre.full.win32.x86_64_17.0.0.v20211012-1059\jre\bin\vcruntime140_1.dll
0x00007ffc8f890000 - 0x00007ffc8f921000 	C:\Users\muzza\.p2\pool\plugins\org.eclipse.justj.openjdk.hotspot.jre.full.win32.x86_64_17.0.0.v20211012-1059\jre\bin\msvcp140.dll
0x00007ffc53dc0000 - 0x00007ffc54a06000 	C:\Users\muzza\.p2\pool\plugins\org.eclipse.justj.openjdk.hotspot.jre.full.win32.x86_64_17.0.0.v20211012-1059\jre\bin\server\jvm.dll
0x00007ffcd74f0000 - 0x00007ffcd75a1000 	C:\WINDOWS\System32\ADVAPI32.dll
0x00007ffcd7390000 - 0x00007ffcd7438000 	C:\WINDOWS\System32\sechost.dll
0x00007ffcd59c0000 - 0x00007ffcd59e8000 	C:\WINDOWS\System32\bcrypt.dll
0x00007ffcd7680000 - 0x00007ffcd7794000 	C:\WINDOWS\System32\RPCRT4.dll
0x00007ffcd7d60000 - 0x00007ffcd7d68000 	C:\WINDOWS\System32\PSAPI.DLL
0x00007ffcccaf0000 - 0x00007ffcccafa000 	C:\WINDOWS\SYSTEM32\VERSION.dll
0x00007ffcba8e0000 - 0x00007ffcba8e9000 	C:\WINDOWS\SYSTEM32\WSOCK32.dll
0x00007ffcd1560000 - 0x00007ffcd1594000 	C:\WINDOWS\SYSTEM32\WINMM.dll
0x00007ffcd7d70000 - 0x00007ffcd7de1000 	C:\WINDOWS\System32\WS2_32.dll
0x00007ffcd43b0000 - 0x00007ffcd43c8000 	C:\WINDOWS\SYSTEM32\kernel.appcore.dll
0x00007ffcd17b0000 - 0x00007ffcd17ba000 	C:\Users\muzza\.p2\pool\plugins\org.eclipse.justj.openjdk.hotspot.jre.full.win32.x86_64_17.0.0.v20211012-1059\jre\bin\jimage.dll
0x00007ffcd2f50000 - 0x00007ffcd3183000 	C:\WINDOWS\SYSTEM32\DBGHELP.DLL
0x00007ffcd6250000 - 0x00007ffcd65e3000 	C:\WINDOWS\System32\combase.dll
0x00007ffcd6150000 - 0x00007ffcd6227000 	C:\WINDOWS\System32\OLEAUT32.dll
0x00007ffccc780000 - 0x00007ffccc7b2000 	C:\WINDOWS\SYSTEM32\dbgcore.DLL
0x00007ffcd53a0000 - 0x00007ffcd541b000 	C:\WINDOWS\System32\bcryptPrimitives.dll
0x00007ffca4390000 - 0x00007ffca43b5000 	C:\Users\muzza\.p2\pool\plugins\org.eclipse.justj.openjdk.hotspot.jre.full.win32.x86_64_17.0.0.v20211012-1059\jre\bin\java.dll
0x00007ffcaba40000 - 0x00007ffcaba58000 	C:\Users\muzza\.p2\pool\plugins\org.eclipse.justj.openjdk.hotspot.jre.full.win32.x86_64_17.0.0.v20211012-1059\jre\bin\zip.dll
0x00007ffcd6680000 - 0x00007ffcd6f22000 	C:\WINDOWS\System32\SHELL32.dll
0x00007ffcd59f0000 - 0x00007ffcd5b2f000 	C:\WINDOWS\System32\wintypes.dll
0x00007ffcd3280000 - 0x00007ffcd3b9d000 	C:\WINDOWS\SYSTEM32\windows.storage.dll
0x00007ffcd7960000 - 0x00007ffcd7a6c000 	C:\WINDOWS\System32\SHCORE.dll
0x00007ffcd7100000 - 0x00007ffcd7169000 	C:\WINDOWS\System32\shlwapi.dll
0x00007ffcd52d0000 - 0x00007ffcd52fb000 	C:\WINDOWS\SYSTEM32\profapi.dll
0x00007ffca4950000 - 0x00007ffca4969000 	C:\Users\muzza\.p2\pool\plugins\org.eclipse.justj.openjdk.hotspot.jre.full.win32.x86_64_17.0.0.v20211012-1059\jre\bin\net.dll
0x00007ffcd1380000 - 0x00007ffcd14ac000 	C:\WINDOWS\SYSTEM32\WINHTTP.dll
0x00007ffcd4850000 - 0x00007ffcd48b9000 	C:\WINDOWS\system32\mswsock.dll
0x00007ffca2cf0000 - 0x00007ffca2d05000 	C:\Users\muzza\.p2\pool\plugins\org.eclipse.justj.openjdk.hotspot.jre.full.win32.x86_64_17.0.0.v20211012-1059\jre\bin\nio.dll
0x00007ffcca940000 - 0x00007ffcca94e000 	C:\Users\muzza\.p2\pool\plugins\org.eclipse.justj.openjdk.hotspot.jre.full.win32.x86_64_17.0.0.v20211012-1059\jre\bin\sunmscapi.dll
0x00007ffcd5b30000 - 0x00007ffcd5c97000 	C:\WINDOWS\System32\CRYPT32.dll
0x00007ffcd4c60000 - 0x00007ffcd4c8d000 	C:\WINDOWS\SYSTEM32\ncrypt.dll
0x00007ffcd4c20000 - 0x00007ffcd4c57000 	C:\WINDOWS\SYSTEM32\NTASN1.dll
0x00007ffcd4aa0000 - 0x00007ffcd4abb000 	C:\WINDOWS\SYSTEM32\CRYPTSP.dll
0x00007ffcd4310000 - 0x00007ffcd4347000 	C:\WINDOWS\system32\rsaenh.dll
0x00007ffcd4940000 - 0x00007ffcd4968000 	C:\WINDOWS\SYSTEM32\USERENV.dll
0x00007ffcd4ac0000 - 0x00007ffcd4acc000 	C:\WINDOWS\SYSTEM32\CRYPTBASE.dll
0x00007ffcd3e00000 - 0x00007ffcd3e2d000 	C:\WINDOWS\SYSTEM32\IPHLPAPI.DLL
0x00007ffcd5fd0000 - 0x00007ffcd5fd9000 	C:\WINDOWS\System32\NSI.dll
0x00007ffcd11b0000 - 0x00007ffcd11c9000 	C:\WINDOWS\SYSTEM32\dhcpcsvc6.DLL
0x00007ffcd1190000 - 0x00007ffcd11af000 	C:\WINDOWS\SYSTEM32\dhcpcsvc.DLL
0x00007ffcd3e70000 - 0x00007ffcd3f68000 	C:\WINDOWS\SYSTEM32\DNSAPI.dll
0x00007ffcb34e0000 - 0x00007ffcb34e9000 	C:\Users\muzza\.p2\pool\plugins\org.eclipse.justj.openjdk.hotspot.jre.full.win32.x86_64_17.0.0.v20211012-1059\jre\bin\management.dll
0x00007ffcb2530000 - 0x00007ffcb253b000 	C:\Users\muzza\.p2\pool\plugins\org.eclipse.justj.openjdk.hotspot.jre.full.win32.x86_64_17.0.0.v20211012-1059\jre\bin\management_ext.dll
0x00007ffcd15a0000 - 0x00007ffcd15a8000 	C:\WINDOWS\system32\wshunix.dll
0x00007ffccdf50000 - 0x00007ffccdf60000 	C:\Users\muzza\.p2\pool\plugins\org.eclipse.justj.openjdk.hotspot.jre.full.win32.x86_64_17.0.0.v20211012-1059\jre\bin\verify.dll
0x0000000064c10000 - 0x0000000064c36000 	C:\Program Files\Bonjour\mdnsNSP.dll
0x00007ffcc7170000 - 0x00007ffcc717a000 	C:\Windows\System32\rasadhlp.dll
0x00007ffcce780000 - 0x00007ffcce804000 	C:\WINDOWS\System32\fwpuclnt.dll

dbghelp: loaded successfully - version: 4.0.5 - missing functions: none
symbol engine: initialized successfully - sym options: 0x614 - pdb path: .;C:\Users\muzza\.p2\pool\plugins\org.eclipse.justj.openjdk.hotspot.jre.full.win32.x86_64_17.0.0.v20211012-1059\jre\bin;C:\WINDOWS\SYSTEM32;C:\WINDOWS\WinSxS\amd64_microsoft.windows.common-controls_6595b64144ccf1df_6.0.22621.5547_none_27104afb73855772;C:\Users\muzza\.p2\pool\plugins\org.eclipse.justj.openjdk.hotspot.jre.full.win32.x86_64_17.0.0.v20211012-1059\jre\bin\server;C:\Program Files\Bonjour

VM Arguments:
jvm_args: -Dfile.encoding=UTF-8 -XX:+ShowCodeDetailsInExceptionMessages 
java_command: com.elastic.textsearch.TextsearchApplication
java_class_path (initial): C:\Users\muzza\Downloads\textsearch\textsearch\target\classes;C:\Users\muzza\.m2\repository\org\springframework\data\spring-data-elasticsearch\5.5.2\spring-data-elasticsearch-5.5.2.jar;C:\Users\muzza\.m2\repository\org\springframework\boot\spring-boot-starter-web\3.5.4\spring-boot-starter-web-3.5.4.jar;C:\Users\muzza\.m2\repository\org\springframework\boot\spring-boot-starter\3.5.4\spring-boot-starter-3.5.4.jar;C:\Users\muzza\.m2\repository\org\springframework\boot\spring-boot\3.5.4\spring-boot-3.5.4.jar;C:\Users\muzza\.m2\repository\org\springframework\boot\spring-boot-autoconfigure\3.5.4\spring-boot-autoconfigure-3.5.4.jar;C:\Users\muzza\.m2\repository\org\springframework\boot\spring-boot-starter-logging\3.5.4\spring-boot-starter-logging-3.5.4.jar;C:\Users\muzza\.m2\repository\ch\qos\logback\logback-classic\1.5.18\logback-classic-1.5.18.jar;C:\Users\muzza\.m2\repository\ch\qos\logback\logback-core\1.5.18\logback-core-1.5.18.jar;C:\Users\muzza\.m2\repository\org\apache\logging\log4j\log4j-to-slf4j\2.24.3\log4j-to-slf4j-2.24.3.jar;C:\Users\muzza\.m2\repository\org\apache\logging\log4j\log4j-api\2.24.3\log4j-api-2.24.3.jar;C:\Users\muzza\.m2\repository\org\slf4j\jul-to-slf4j\2.0.17\jul-to-slf4j-2.0.17.jar;C:\Users\muzza\.m2\repository\jakarta\annotation\jakarta.annotation-api\2.1.1\jakarta.annotation-api-2.1.1.jar;C:\Users\muzza\.m2\repository\org\yaml\snakeyaml\2.4\snakeyaml-2.4.jar;C:\Users\muzza\.m2\repository\org\springframework\boot\spring-boot-starter-json\3.5.4\spring-boot-starter-json-3.5.4.jar;C:\Users\muzza\.m2\repository\com\fasterxml\jackson\core\jackson-databind\2.19.2\jackson-databind-2.19.2.jar;C:\Users\muzza\.m2\repository\com\fasterxml\jackson\core\jackson-annotations\2.19.2\jackson-annotations-2.19.2.jar;C:\Users\muzza\.m2\repository\com\fasterxml\jackson\datatype\jackson-datatype-jdk8\2.19.2\jackson-datatype-jdk8-2.19.2.jar;C:\Users\muzza\.m2\repository\com\fasterxml\jackson\datatype\jackson-datatype-jsr310\2.19.2\jacks
Launcher Type: SUN_STANDARD

[Global flags]
     intx CICompilerCount                          = 12                                        {product} {ergonomic}
     uint ConcGCThreads                            = 3                                         {product} {ergonomic}
     uint G1ConcRefinementThreads                  = 13                                        {product} {ergonomic}
   size_t G1HeapRegionSize                         = 2097152                                   {product} {ergonomic}
    uintx GCDrainStackTargetSize                   = 64                                        {product} {ergonomic}
   size_t InitialHeapSize                          = 165675008                                 {product} {ergonomic}
   size_t MarkStackSize                            = 4194304                                   {product} {ergonomic}
   size_t MaxHeapSize                              = 2644508672                                {product} {ergonomic}
   size_t MaxNewSize                               = 1585446912                                {product} {ergonomic}
   size_t MinHeapDeltaBytes                        = 2097152                                   {product} {ergonomic}
   size_t MinHeapSize                              = 8388608                                   {product} {ergonomic}
    uintx NonNMethodCodeHeapSize                   = 7602480                                {pd product} {ergonomic}
    uintx NonProfiledCodeHeapSize                  = 122027880                              {pd product} {ergonomic}
    uintx ProfiledCodeHeapSize                     = 122027880                              {pd product} {ergonomic}
    uintx ReservedCodeCacheSize                    = 251658240                              {pd product} {ergonomic}
     bool SegmentedCodeCache                       = true                                      {product} {ergonomic}
     bool ShowCodeDetailsInExceptionMessages       = true                                   {manageable} {command line}
   size_t SoftMaxHeapSize                          = 2644508672                             {manageable} {ergonomic}
     bool UseCompressedClassPointers               = true                           {product lp64_product} {ergonomic}
     bool UseCompressedOops                        = true                           {product lp64_product} {ergonomic}
     bool UseG1GC                                  = true                                      {product} {ergonomic}
     bool UseLargePagesIndividualAllocation        = false                                  {pd product} {ergonomic}

Logging:
Log output configuration:
 #0: stdout all=warning uptime,level,tags
 #1: stderr all=off uptime,level,tags

Environment Variables:
JAVA_HOME=C:\Program Files\Java\jdk-17.0.1
PATH=C:/Users/muzza/.p2/pool/plugins/org.eclipse.justj.openjdk.hotspot.jre.full.win32.x86_64_17.0.0.v20211012-1059/jre/bin/server;C:/Users/muzza/.p2/pool/plugins/org.eclipse.justj.openjdk.hotspot.jre.full.win32.x86_64_17.0.0.v20211012-1059/jre/bin;C:\app\muzza\product\21c\dbhomeXE\bin;C:\oracle\product\10.2.0\db_1\bin;C:\Program Files\Common Files\Oracle\Java\javapath;C:\WINDOWS\system32;C:\WINDOWS;C:\WINDOWS\System32\Wbem;C:\WINDOWS\System32\WindowsPowerShell\v1.0\;C:\WINDOWS\System32\OpenSSH\;C:\Program Files (x86)\Java\jdk-17.0.1\bin;C:\Program Files\Java\jdk-17.0.1\bin;C:\Users\muzza\OneDrive\Documents\apache-maven-3.8.4\bin;C:\Program Files\nodejs\;C:\Program Files\Git\cmd;C:\Users\muzza\AppData\Local\Microsoft\WindowsApps;C:\Users\muzza\AppData\Local\Programs\Microsoft VS Code\bin;C:\Users\muzza\AppData\Local\Programs\mongosh\;C:\Users\muzza\AppData\Roaming\npm;C:\Windows;
USERNAME=muzza
OS=Windows_NT
PROCESSOR_IDENTIFIER=AMD64 Family 23 Model 104 Stepping 1, AuthenticAMD



---------------  S Y S T E M  ---------------

OS:
 Windows 10 , 64 bit Build 22621 (10.0.22621.5415)
OS uptime: 24 days 15:47 hours
Hyper-V role detected

CPU: total 16 (initial active 16) (16 cores per cpu, 2 threads per core) family 23 model 104 stepping 1 microcode 0x0, cx8, cmov, fxsr, ht, mmx, 3dnowpref, sse, sse2, sse3, ssse3, sse4a, sse4.1, sse4.2, popcnt, lzcnt, tsc, tscinvbit, avx, avx2, aes, clmul, bmi1, bmi2, adx, sha, fma, vzeroupper, clflush, clflushopt, hv

Memory: 4k page, system-wide physical 10085M (752M free)
TotalPageFile size 40805M (AvailPageFile size 1M)
current process WorkingSet (physical memory assigned to process): 204M, peak: 216M
current process commit charge ("private bytes"): 249M, peak: 303M

vm_info: OpenJDK 64-Bit Server VM (17+35) for windows-amd64 JRE (17+35), built on Sep 14 2021 17:27:39 by "" with MS VC++ 16.7 (VS2019)

END.
